result code = 0
standard error = {
tests/diagnostics/bool-to-float.slang(11): warning 30081: potentially unintended implicit conversion from 'bool' to 'float'
        float f = true;
                  ^~~~
}
standard output = {
}
