result code = -1
standard error = {
tests/diagnostics/recursive-import.slang(6): error 38200: module `recursive_import_extra` recursively imports itself
tests/diagnostics/recursive-import-extra.slang(6): fatal error 39999: error in imported module, compilation ceased.
}
standard output = {
}
