result code = -1
standard error = {
tests/bugs/import-with-error-extra.slang(10): error 30015: undefined identifier 'b'.
tests/bugs/import-with-error.slang(6): fatal error 39999: error in imported module, compilation ceased.
}
standard output = {
}
