result code = 0
standard error = {
}
standard output = {
#version 460
#extension GL_EXT_ray_tracing : require
#extension GL_NV_shader_invocation_reorder : require
layout(row_major) uniform;
layout(row_major) buffer;
layout(binding = 0)
uniform accelerationStructureEXT scene_0;

layout(std430, binding = 1) buffer StructuredBuffer_uint_t_0 {
    uint _data[];
} outputBuffer_0;
struct SomeValues_0
{
    int a_0;
    float b_0;
};

layout(location = 0)
hitObjectAttributeNV
SomeValues_0 t_0;

layout(location = 0)
rayPayloadEXT
SomeValues_0 p_0;

struct RayDesc_0
{
    vec3 Origin_0;
    float TMin_0;
    vec3 Direction_0;
    float TMax_0;
};

void main()
{
    uvec3 _S1 = ((gl_LaunchIDEXT));
    ivec2 launchID_0 = ivec2(_S1.xy);
    uvec3 _S2 = ((gl_LaunchSizeEXT));
    int idx_0 = launchID_0.x;
    float _S3 = float(idx_0);
    float _S4 = _S3 * 2.0;
    RayDesc_0 ray_0;
    ray_0.Origin_0 = vec3(_S3, 0.0, 0.0);
    ray_0.TMin_0 = 0.00999999977648258209;
    ray_0.Direction_0 = vec3(0.0, 1.0, 0.0);
    ray_0.TMax_0 = 10000.0;
    RayDesc_0 _S5 = ray_0;
    hitObjectNV hitObj_0;
    p_0.a_0 = idx_0;
    p_0.b_0 = _S4;
    hitObjectTraceRayNV(hitObj_0, scene_0, 20U, 255U, 0U, 4U, 0U, _S5.Origin_0, _S5.TMin_0, _S5.Direction_0, _S5.TMax_0, (0));
    uint _S6 = uint(idx_0);
    bool _S7 = (hitObjectIsHitNV((hitObj_0)));
    uint r_0;
    if(_S7)
    {
        uint instanceIndex_0 = (hitObjectGetInstanceCustomIndexNV((hitObj_0)));
        uint instanceID_0 = (hitObjectGetInstanceIdNV((hitObj_0)));
        uint geometryIndex_0 = (hitObjectGetGeometryIndexNV((hitObj_0)));
        uint primitiveIndex_0 = (hitObjectGetPrimitiveIndexNV((hitObj_0)));
        hitObjectGetAttributesNV((hitObj_0), ((0)));
        r_0 = uint(int(instanceIndex_0 + instanceID_0 + geometryIndex_0 + primitiveIndex_0) + t_0.a_0);
    }
    else
    {
        r_0 = 0U;
    }
    outputBuffer_0._data[_S6] = r_0;
    return;
}

}
